// Jest Snapshot v1, https://goo.gl/fbAQLP

exports[`Question.spec.js has the expected html structure 1`] = `
"<v-flex d-flex=\\"\\" xs12=\\"\\" md6=\\"\\" xl4=\\"\\"><router-link to=\\"/questions/6673\\" tag=\\"div\\" class=\\"card-link card\\"><v-card hover=\\"\\" class=\\"blue-grey darken-1\\"><v-toolbar dark=\\"\\"><v-toolbar-title class=\\"ml-3\\">
          Favourite programming language?
        </v-toolbar-title> <v-spacer></v-spacer> <!----></v-toolbar> <v-card-text primary-title=\\"\\"><div><div class=\\"headline\\"></div> <div>
            created 2017-10-25T18:20:59.459026+00:00
          </div> <div>
            4 choices
          </div> <!----></div></v-card-text></v-card></router-link></v-flex>"
`;
